postgres-1  | The files belonging to this database system will be owned by user "postgres".
postgres-1  | This user must also own the server process.
postgres-1  | 
postgres-1  | The database cluster will be initialized with locale "en_US.utf8".
postgres-1  | The default database encoding has accordingly been set to "UTF8".
postgres-1  | The default text search configuration will be set to "english".
postgres-1  | 
postgres-1  | Data page checksums are disabled.
postgres-1  | 
postgres-1  | fixing permissions on existing directory /var/lib/postgresql/data ... ok
postgres-1  | creating subdirectories ... ok
postgres-1  | selecting dynamic shared memory implementation ... posix
postgres-1  | selecting default "max_connections" ... 100
postgres-1  | selecting default "shared_buffers" ... 128MB
postgres-1  | selecting default time zone ... UTC
postgres-1  | creating configuration files ... ok
postgres-1  | running bootstrap script ... ok
postgres-1  | sh: locale: not found
postgres-1  | 2026-07-18 00:02:49.786 UTC [35] WARNING:  no usable system locales were found
postgres-1  | performing post-bootstrap initialization ... ok
postgres-1  | initdb: warning: enabling "trust" authentication for local connections
postgres-1  | initdb: hint: You can change this by editing pg_hba.conf or using the option -A, or --auth-local and --auth-host, the next time you run initdb.
postgres-1  | syncing data to disk ... ok
postgres-1  | 
postgres-1  | 
postgres-1  | Success. You can now start the database server using:
postgres-1  | 
postgres-1  |     pg_ctl -D /var/lib/postgresql/data -l logfile start
postgres-1  | 
postgres-1  | waiting for server to start....2026-07-18 00:02:49.967 UTC [41] LOG:  starting PostgreSQL 17.10 on aarch64-unknown-linux-musl, compiled by gcc (Alpine 15.2.0) 15.2.0, 64-bit
postgres-1  | 2026-07-18 00:02:49.968 UTC [41] LOG:  listening on Unix socket "/var/run/postgresql/.s.PGSQL.5432"
postgres-1  | 2026-07-18 00:02:49.971 UTC [44] LOG:  database system was shut down at 2026-07-18 00:02:49 UTC
postgres-1  | 2026-07-18 00:02:49.972 UTC [41] LOG:  database system is ready to accept connections
postgres-1  |  done
postgres-1  | server started
postgres-1  | CREATE DATABASE
postgres-1  | 
postgres-1  | 
postgres-1  | /usr/local/bin/docker-entrypoint.sh: ignoring /docker-entrypoint-initdb.d/*
postgres-1  | 
postgres-1  | waiting for server to shut down....2026-07-18 00:02:50.085 UTC [41] LOG:  received fast shutdown request
postgres-1  | 2026-07-18 00:02:50.085 UTC [41] LOG:  aborting any active transactions
postgres-1  | 2026-07-18 00:02:50.086 UTC [41] LOG:  background worker "logical replication launcher" (PID 47) exited with exit code 1
postgres-1  | 2026-07-18 00:02:50.086 UTC [42] LOG:  shutting down
postgres-1  | 2026-07-18 00:02:50.087 UTC [42] LOG:  checkpoint starting: shutdown immediate
postgres-1  | 2026-07-18 00:02:50.108 UTC [42] LOG:  checkpoint complete: wrote 926 buffers (5.7%); 0 WAL file(s) added, 0 removed, 0 recycled; write=0.006 s, sync=0.015 s, total=0.022 s; sync files=301, longest=0.005 s, average=0.001 s; distance=4266 kB, estimate=4266 kB; lsn=0/191C7D0, redo lsn=0/191C7D0
postgres-1  | 2026-07-18 00:02:50.109 UTC [41] LOG:  database system is shut down
postgres-1  |  done
postgres-1  | server stopped
postgres-1  | 
postgres-1  | PostgreSQL init process complete; ready for start up.
postgres-1  | 
postgres-1  | 2026-07-18 00:02:50.196 UTC [1] LOG:  starting PostgreSQL 17.10 on aarch64-unknown-linux-musl, compiled by gcc (Alpine 15.2.0) 15.2.0, 64-bit
postgres-1  | 2026-07-18 00:02:50.196 UTC [1] LOG:  listening on IPv4 address "0.0.0.0", port 5432
postgres-1  | 2026-07-18 00:02:50.196 UTC [1] LOG:  listening on IPv6 address "::", port 5432
postgres-1  | 2026-07-18 00:02:50.197 UTC [1] LOG:  listening on Unix socket "/var/run/postgresql/.s.PGSQL.5432"
postgres-1  | 2026-07-18 00:02:50.199 UTC [57] LOG:  database system was shut down at 2026-07-18 00:02:50 UTC
postgres-1  | 2026-07-18 00:02:50.201 UTC [1] LOG:  database system is ready to accept connections
redis-1     | Starting Redis Server
redis-1     | 1:C 18 Jul 2026 00:02:49.624 * oO0OoO0OoO0Oo Redis is starting oO0OoO0OoO0Oo
redis-1     | 1:C 18 Jul 2026 00:02:49.624 * Redis version=8.8.0, bits=64, commit=00000000, modified=1, pid=1, just started
redis-1     | 1:C 18 Jul 2026 00:02:49.624 * Configuration loaded
redis-1     | 1:M 18 Jul 2026 00:02:49.624 * monotonic clock: ARM CNTVCT @ 24 ticks/us
redis-1     | 1:M 18 Jul 2026 00:02:49.625 * Running mode=standalone, port=6379.
redis-1     | 1:M 18 Jul 2026 00:02:49.625 * <bf> RedisBloom version 8.8.0 (Git=unknown)
redis-1     | 1:M 18 Jul 2026 00:02:49.625 * <bf> Registering configuration options: [
prometheus-1  | time=2026-07-18T00:02:49.675Z level=INFO source=main.go:1544 msg="updated GOGC" old=100 new=75
prometheus-1  | time=2026-07-18T00:02:49.675Z level=INFO source=main.go:676 msg="Leaving GOMAXPROCS=15: CPU quota undefined" component=automaxprocs
prometheus-1  | time=2026-07-18T00:02:49.675Z level=INFO source=memlimit.go:198 msg="GOMEMLIMIT is updated" component=automemlimit package=github.com/KimMachineGun/automemlimit/memlimit GOMEMLIMIT=7488733593 previous=9223372036854775807
prometheus-1  | time=2026-07-18T00:02:49.675Z level=INFO source=main.go:718 msg="No time or size retention was set so using the default time retention" duration=15d
prometheus-1  | time=2026-07-18T00:02:49.675Z level=INFO source=main.go:769 msg="Starting Prometheus Server" mode=server version="(version=3.5.0, branch=HEAD, revision=8be3a9560fbdd18a94dedec4b747c35178177202)"
nginx-1       | /docker-entrypoint.sh: /docker-entrypoint.d/ is not empty, will attempt to perform configuration
nginx-1       | /docker-entrypoint.sh: Looking for shell scripts in /docker-entrypoint.d/
prometheus-1  | time=2026-07-18T00:02:49.675Z level=INFO source=main.go:774 msg="operational information" build_context="(go=go1.24.5, platform=linux/arm64, user=root@4451b64cb451, date=20250714-16:18:17, tags=netgo,builtinassets)" host_details="(Linux 6.12.76-linuxkit #1 SMP Thu May 28 18:54:18 UTC 2026 aarch64 00e3d94b0707 (none))" fd_limits="(soft=1048576, hard=1048576)" vm_limits="(soft=unlimited, hard=unlimited)"
prometheus-1  | time=2026-07-18T00:02:49.676Z level=INFO source=web.go:656 msg="Start listening for connections" component=web address=0.0.0.0:9090
prometheus-1  | time=2026-07-18T00:02:49.676Z level=INFO source=main.go:1288 msg="Starting TSDB ..."
prometheus-1  | time=2026-07-18T00:02:49.679Z level=INFO source=tls_config.go:347 msg="Listening on" component=web address=[::]:9090
nginx-1       | /docker-entrypoint.sh: Launching /docker-entrypoint.d/10-listen-on-ipv6-by-default.sh
nginx-1       | 10-listen-on-ipv6-by-default.sh: info: Getting the checksum of /etc/nginx/conf.d/default.conf
nginx-1       | 10-listen-on-ipv6-by-default.sh: info: Enabled listen on IPv6 in /etc/nginx/conf.d/default.conf
prometheus-1  | time=2026-07-18T00:02:49.679Z level=INFO source=tls_config.go:350 msg="TLS is disabled." component=web http2=false address=[::]:9090
redis-1       | 1:M 18 Jul 2026 00:02:49.625 * <bf> 	{ bf-error-rate       :      0.01 }
nginx-1       | /docker-entrypoint.sh: Sourcing /docker-entrypoint.d/15-local-resolvers.envsh
redis-1       | 1:M 18 Jul 2026 00:02:49.625 * <bf> 	{ bf-initial-size     :       100 }
nginx-1       | /docker-entrypoint.sh: Launching /docker-entrypoint.d/20-envsubst-on-templates.sh
prometheus-1  | time=2026-07-18T00:02:49.680Z level=INFO source=head.go:657 msg="Replaying on-disk memory mappable chunks if any" component=tsdb
nginx-1         | /docker-entrypoint.sh: Launching /docker-entrypoint.d/30-tune-worker-processes.sh
prometheus-1    | time=2026-07-18T00:02:49.680Z level=INFO source=head.go:744 msg="On-disk memory mappable chunks replay completed" component=tsdb duration=791ns
prometheus-1    | time=2026-07-18T00:02:49.680Z level=INFO source=head.go:752 msg="Replaying WAL, this may take a while" component=tsdb
prometheus-1    | time=2026-07-18T00:02:49.680Z level=INFO source=head.go:825 msg="WAL segment loaded" component=tsdb segment=0 maxSegment=0 duration=192.416µs
alertmanager-1  | time=2026-07-18T00:02:49.646Z level=INFO source=main.go:191 msg="Starting Alertmanager" version="(version=0.28.1, branch=HEAD, revision=b2099eaa2c9ebc25edb26517cb9c732738e93910)"
redis-1       | 1:M 18 Jul 2026 00:02:49.625 * <bf> 	{ bf-expansion-factor :         2 }
redis-1         | 1:M 18 Jul 2026 00:02:49.625 * <bf> 	{ cf-bucket-size      :         2 }
prometheus-1    | time=2026-07-18T00:02:49.680Z level=INFO source=head.go:862 msg="WAL replay completed" component=tsdb checkpoint_replay_duration=9.041µs wal_replay_duration=202.042µs wbl_replay_duration=42ns chunk_snapshot_load_duration=0s mmap_chunk_replay_duration=791ns total_replay_duration=218.417µs
nginx-1         | /docker-entrypoint.sh: Configuration complete; ready for start up
prometheus-1    | time=2026-07-18T00:02:49.681Z level=INFO source=main.go:1309 msg="filesystem information" fs_type=EXT4_SUPER_MAGIC
nginx-1         | 127.0.0.1 - - [18/Jul/2026:00:03:03 +0000] "GET /livez HTTP/1.1" 200 18 "-" "Wget"
nginx-1         | 172.19.0.1 - - [18/Jul/2026:00:03:04 +0000] "GET /readyz HTTP/1.1" 200 18 "-" "python-httpx/0.28.1"
prometheus-1    | time=2026-07-18T00:02:49.681Z level=INFO source=main.go:1312 msg="TSDB started"
prometheus-1    | time=2026-07-18T00:02:49.681Z level=INFO source=main.go:1497 msg="Loading configuration file" filename=/etc/prometheus/prometheus.yml
prometheus-1    | time=2026-07-18T00:02:49.683Z level=INFO source=main.go:1537 msg="Completed loading of configuration file" db_storage=834ns remote_storage=958ns web_handler=250ns query_engine=667ns scrape=151µs scrape_sd=108.333µs notify=84.375µs notify_sd=3.583µs rules=1.284708ms tracing=6.75µs filename=/etc/prometheus/prometheus.yml totalDuration=2.026167ms
prometheus-1    | time=2026-07-18T00:02:49.683Z level=INFO source=main.go:1273 msg="Server is ready to receive web requests."
prometheus-1    | time=2026-07-18T00:02:49.683Z level=INFO source=manager.go:176 msg="Starting rule manager..." component="rule manager"
redis-1         | 1:M 18 Jul 2026 00:02:49.625 * <bf> 	{ cf-initial-size     :      1024 }
alertmanager-1  | time=2026-07-18T00:02:49.646Z level=INFO source=main.go:192 msg="Build context" build_context="(go=go1.23.7, platform=linux/arm64, user=root@b7f54ff1a00f, date=20250307-15:03:03, tags=netgo)"
redis-1         | 1:M 18 Jul 2026 00:02:49.625 * <bf> 	{ cf-max-iterations   :        20 }
redis-1         | 1:M 18 Jul 2026 00:02:49.625 * <bf> 	{ cf-expansion-factor :         1 }
alertmanager-1  | time=2026-07-18T00:02:49.647Z level=INFO source=cluster.go:185 msg="setting advertise address explicitly" component=cluster addr=172.19.0.3 port=9094
alertmanager-1  | time=2026-07-18T00:02:49.648Z level=INFO source=cluster.go:674 msg="Waiting for gossip to settle..." component=cluster interval=2s
redis-1         | 1:M 18 Jul 2026 00:02:49.625 * <bf> 	{ cf-max-expansions   :        32 }
alertmanager-1  | time=2026-07-18T00:02:49.662Z level=INFO source=coordinator.go:112 msg="Loading configuration file" component=configuration file=/etc/alertmanager/alertmanager.yml
redis-1         | 1:M 18 Jul 2026 00:02:49.625 * <bf> ]
nginx-1         | 127.0.0.1 - - [18/Jul/2026:00:03:06 +0000] "GET /livez HTTP/1.1" 200 18 "-" "Wget"
nginx-1         | 127.0.0.1 - - [18/Jul/2026:00:03:10 +0000] "GET /livez HTTP/1.1" 200 18 "-" "Wget"
nginx-1         | 127.0.0.1 - - [18/Jul/2026:00:03:13 +0000] "GET /livez HTTP/1.1" 200 18 "-" "Wget"
nginx-1         | 127.0.0.1 - - [18/Jul/2026:00:03:16 +0000] "GET /livez HTTP/1.1" 200 18 "-" "Wget"
nginx-1         | 127.0.0.1 - - [18/Jul/2026:00:03:19 +0000] "GET /livez HTTP/1.1" 200 18 "-" "Wget"
nginx-1         | 127.0.0.1 - - [18/Jul/2026:00:03:22 +0000] "GET /livez HTTP/1.1" 200 18 "-" "Wget"
nginx-1         | 127.0.0.1 - - [18/Jul/2026:00:03:25 +0000] "GET /livez HTTP/1.1" 200 18 "-" "Wget"
nginx-1         | 127.0.0.1 - - [18/Jul/2026:00:03:28 +0000] "GET /livez HTTP/1.1" 200 18 "-" "Wget"
nginx-1         | 127.0.0.1 - - [18/Jul/2026:00:03:31 +0000] "GET /livez HTTP/1.1" 200 18 "-" "Wget"
nginx-1         | 2026/07/18 00:03:36 [error] 30#30: *14 upstream timed out (110: Operation timed out) while connecting to upstream, client: 127.0.0.1, server: , request: "GET /livez HTTP/1.1", upstream: "http://172.19.0.4:8000/livez", host: "127.0.0.1:8443"
nginx-1         | 127.0.0.1 - - [18/Jul/2026:00:03:36 +0000] "GET /livez HTTP/1.1" 504 167 "-" "Wget"
nginx-1         | 2026/07/18 00:03:36 [error] 30#30: api could not be resolved (3: Host not found)
nginx-1         | 127.0.0.1 - - [18/Jul/2026:00:03:39 +0000] "GET /livez HTTP/1.1" 502 157 "-" "Wget"
nginx-1         | 2026/07/18 00:03:39 [error] 30#30: *16 no live upstreams while connecting to upstream, client: 127.0.0.1, server: , request: "GET /livez HTTP/1.1", upstream: "http://fleetpulse_api/livez", host: "127.0.0.1:8443"
redis-1         | 1:M 18 Jul 2026 00:02:49.625 * Module 'bf' loaded from /usr/local/lib/redis/modules//redisbloom.so
redis-1         | 1:M 18 Jul 2026 00:02:49.627 * <search> search-workers default: 15 (min of MAX_WORKER_THREADS=16 and CPU cores)
redis-1         | 1:M 18 Jul 2026 00:02:49.627 * <search> Redis version found by RedisSearch : 8.8.0 - oss
redis-1         | 1:M 18 Jul 2026 00:02:49.627 * <search> RediSearch version 8.8.0 (Git=d2ae026)
redis-1         | 1:M 18 Jul 2026 00:02:49.627 * <search> Low level api version 1 initialized successfully
redis-1         | 1:M 18 Jul 2026 00:02:49.627 * <search> gc: ON, prefix min length: 2, min word length to stem: 4, prefix max expansions: 200, query timeout (ms): 500, timeout policy: return, oom policy: return, cursor read size: 1000, cursor max idle (ms): 300000, max doctable size: 1000000, max number of search results:  1000000, default scorer: BM25STD, 
redis-1         | 1:M 18 Jul 2026 00:02:49.627 * <search> Initialized thread pools!
redis-1         | 1:M 18 Jul 2026 00:02:49.627 * <search> Enabled workers threadpool of size 15
redis-1         | 1:M 18 Jul 2026 00:02:49.628 * <search> Subscribe to config changes
redis-1         | 1:M 18 Jul 2026 00:02:49.628 * <search> Subscribe to cluster slot migration events
redis-1         | 1:M 18 Jul 2026 00:02:49.628 * <search> Enabled role change notification
redis-1         | 1:M 18 Jul 2026 00:02:49.628 * <search> Cluster configuration: AUTO partitions, type: 0, coordinator timeout: 0ms
redis-1         | 1:M 18 Jul 2026 00:02:49.628 * Module 'search' loaded from /usr/local/lib/redis/modules//redisearch.so
redis-1         | 1:M 18 Jul 2026 00:02:49.629 * <timeseries> RedisTimeSeries version 80800, git_sha=42ca4f1078fca732b7f9256adbf25914d67e1cc9
redis-1         | 1:M 18 Jul 2026 00:02:49.629 * <timeseries> Redis version found by RedisTimeSeries : 8.8.0 - oss
redis-1         | 1:M 18 Jul 2026 00:02:49.629 * <timeseries> Registering configuration options: [
redis-1         | 1:M 18 Jul 2026 00:02:49.629 * <timeseries> 	{ ts-compaction-policy   :              }
redis-1         | 1:M 18 Jul 2026 00:02:49.629 * <timeseries> 	{ ts-num-threads         :            3 }
redis-1         | 1:M 18 Jul 2026 00:02:49.629 * <timeseries> 	{ ts-libmr-protocol      :     INTERNAL }
redis-1         | 1:M 18 Jul 2026 00:02:49.629 * <timeseries> 	{ ts-retention-policy    :            0 }
redis-1         | 1:M 18 Jul 2026 00:02:49.629 * <timeseries> 	{ ts-duplicate-policy    :        block }
redis-1         | 1:M 18 Jul 2026 00:02:49.629 * <timeseries> 	{ ts-chunk-size-bytes    :         4096 }
redis-1         | 1:M 18 Jul 2026 00:02:49.629 * <timeseries> 	{ ts-encoding            :   compressed }
redis-1         | 1:M 18 Jul 2026 00:02:49.629 * <timeseries> 	{ ts-ignore-max-time-diff:            0 }
redis-1         | 1:M 18 Jul 2026 00:02:49.629 * <timeseries> 	{ ts-ignore-max-val-diff :     0.000000 }
redis-1         | 1:M 18 Jul 2026 00:02:49.629 * <timeseries> ]
redis-1         | 1:M 18 Jul 2026 00:02:49.629 * <timeseries> Detected redis oss
redis-1         | 1:M 18 Jul 2026 00:02:49.629 * <timeseries> Subscribe to ASM events
redis-1         | 1:M 18 Jul 2026 00:02:49.629 * <timeseries> Enabled diskless replication
redis-1         | 1:M 18 Jul 2026 00:02:49.629 * Module 'timeseries' loaded from /usr/local/lib/redis/modules//redistimeseries.so
redis-1         | 1:M 18 Jul 2026 00:02:49.629 * <ReJSON> Created new data type 'ReJSON-RL'
alertmanager-1  | time=2026-07-18T00:02:49.663Z level=INFO source=coordinator.go:125 msg="Completed loading of configuration file" component=configuration file=/etc/alertmanager/alertmanager.yml
nginx-1         | 2026/07/18 00:03:42 [error] 30#30: *17 no live upstreams while connecting to upstream, client: 127.0.0.1, server: , request: "GET /livez HTTP/1.1", upstream: "http://fleetpulse_api/livez", host: "127.0.0.1:8443"
nginx-1         | 127.0.0.1 - - [18/Jul/2026:00:03:42 +0000] "GET /livez HTTP/1.1" 502 157 "-" "Wget"
nginx-1         | 2026/07/18 00:03:42 [error] 30#30: api could not be resolved (3: Host not found)
nginx-1         | 2026/07/18 00:03:45 [error] 30#30: *18 no live upstreams while connecting to upstream, client: 127.0.0.1, server: , request: "GET /livez HTTP/1.1", upstream: "http://fleetpulse_api/livez", host: "127.0.0.1:8443"
nginx-1         | 127.0.0.1 - - [18/Jul/2026:00:03:45 +0000] "GET /livez HTTP/1.1" 502 157 "-" "Wget"
nginx-1         | 2026/07/18 00:03:48 [error] 30#30: *19 no live upstreams while connecting to upstream, client: 127.0.0.1, server: , request: "GET /livez HTTP/1.1", upstream: "http://fleetpulse_api/livez", host: "127.0.0.1:8443"
nginx-1         | 127.0.0.1 - - [18/Jul/2026:00:03:48 +0000] "GET /livez HTTP/1.1" 502 157 "-" "Wget"
nginx-1         | 2026/07/18 00:03:48 [error] 30#30: api could not be resolved (3: Host not found)
nginx-1         | 127.0.0.1 - - [18/Jul/2026:00:03:51 +0000] "GET /livez HTTP/1.1" 502 157 "-" "Wget"
alertmanager-1  | time=2026-07-18T00:02:49.664Z level=INFO source=tls_config.go:347 msg="Listening on" address=[::]:9093
alertmanager-1  | time=2026-07-18T00:02:49.664Z level=INFO source=tls_config.go:350 msg="TLS is disabled." http2=false address=[::]:9093
alertmanager-1  | time=2026-07-18T00:02:51.651Z level=INFO source=cluster.go:699 msg="gossip not settled" component=cluster polls=0 before=0 now=1 elapsed=2.002197626s
alertmanager-1  | time=2026-07-18T00:02:59.653Z level=INFO source=cluster.go:691 msg="gossip settled; proceeding" component=cluster elapsed=10.004928754s
nginx-1         | 2026/07/18 00:03:51 [error] 30#30: *20 no live upstreams while connecting to upstream, client: 127.0.0.1, server: , request: "GET /livez HTTP/1.1", upstream: "http://fleetpulse_api/livez", host: "127.0.0.1:8443"
nginx-1         | 127.0.0.1 - - [18/Jul/2026:00:03:54 +0000] "GET /livez HTTP/1.1" 502 157 "-" "Wget"
nginx-1         | 2026/07/18 00:03:54 [error] 30#30: *21 no live upstreams while connecting to upstream, client: 127.0.0.1, server: , request: "GET /livez HTTP/1.1", upstream: "http://fleetpulse_api/livez", host: "127.0.0.1:8443"
nginx-1         | 172.19.0.1 - - [18/Jul/2026:00:03:57 +0000] "GET /readyz HTTP/1.1" 200 18 "-" "python-httpx/0.28.1"
nginx-1         | 127.0.0.1 - - [18/Jul/2026:00:03:57 +0000] "GET /livez HTTP/1.1" 200 18 "-" "Wget"
nginx-1         | 127.0.0.1 - - [18/Jul/2026:00:04:00 +0000] "GET /livez HTTP/1.1" 200 18 "-" "Wget"
nginx-1         | 127.0.0.1 - - [18/Jul/2026:00:04:03 +0000] "GET /livez HTTP/1.1" 200 18 "-" "Wget"
nginx-1         | 172.19.0.1 - - [18/Jul/2026:00:04:06 +0000] "POST /v1/telemetry/batches HTTP/1.1" 202 111 "-" "python-httpx/0.28.1"
redis-1         | 1:M 18 Jul 2026 00:02:49.629 * <ReJSON> version: 80800 git sha: unknown branch: unknown
redis-1         | 1:M 18 Jul 2026 00:02:49.629 * <ReJSON> Exported RedisJSON_V1 API
redis-1         | 1:M 18 Jul 2026 00:02:49.630 * <ReJSON> Exported RedisJSON_V2 API
redis-1         | 1:M 18 Jul 2026 00:02:49.630 * <ReJSON> Exported RedisJSON_V3 API
redis-1         | 1:M 18 Jul 2026 00:02:49.630 * <ReJSON> Exported RedisJSON_V4 API
redis-1         | 1:M 18 Jul 2026 00:02:49.630 * <ReJSON> Exported RedisJSON_V5 API
redis-1         | 1:M 18 Jul 2026 00:02:49.630 * <ReJSON> Exported RedisJSON_V6 API
redis-1         | 1:M 18 Jul 2026 00:02:49.630 * <ReJSON> Exported RedisJSON_V7 API
redis-1         | 1:M 18 Jul 2026 00:02:49.630 * <ReJSON> Enabled diskless replication
redis-1         | 1:M 18 Jul 2026 00:02:49.630 * <ReJSON> Initialized shared string cache, thread safe: true.
redis-1         | 1:M 18 Jul 2026 00:02:49.630 * Module 'ReJSON' loaded from /usr/local/lib/redis/modules//rejson.so
redis-1         | 1:M 18 Jul 2026 00:02:49.630 * <search> Acquired RedisJSON_V7 API
redis-1         | 1:M 18 Jul 2026 00:02:49.630 * Server initialized
redis-1         | 1:M 18 Jul 2026 00:02:49.630 * BGSAVE done, 0 keys saved, 0 keys skipped, 88 bytes written.
redis-1         | 1:M 18 Jul 2026 00:02:49.632 * Creating AOF base file appendonly.aof.1.base.rdb on server start
redis-1         | 1:M 18 Jul 2026 00:02:49.635 * Creating AOF incr file appendonly.aof.1.incr.aof on server start
redis-1         | 1:M 18 Jul 2026 00:02:49.635 * Ready to accept connections tcp
redis-1         | 1:M 18 Jul 2026 00:02:49.635 # WARNING: Redis does not require authentication and is not protected by network restrictions. Redis will accept connections from any IP address on any network interface.
redis-1         | 1:signal-handler (1784333146) Received SIGTERM scheduling shutdown...
redis-1         | 1:M 18 Jul 2026 00:05:46.392 * User requested shutdown...
redis-1         | 1:M 18 Jul 2026 00:05:46.392 * Calling fsync() on the AOF file.
redis-1         | 1:M 18 Jul 2026 00:05:46.392 * Saving the final RDB snapshot before exiting.
nginx-1         | 172.19.0.1 - - [18/Jul/2026:00:04:06 +0000] "GET /v1/incidents HTTP/1.1" 200 2 "-" "python-httpx/0.28.1"
nginx-1         | 172.19.0.1 - - [18/Jul/2026:00:04:06 +0000] "GET /v1/incidents HTTP/1.1" 200 325 "-" "python-httpx/0.28.1"
redis-1         | 1:M 18 Jul 2026 00:05:46.392 * BGSAVE done, 1 keys saved, 0 keys skipped, 902 bytes written.
redis-1         | 1:M 18 Jul 2026 00:05:46.397 * DB saved on disk
redis-1         | 1:M 18 Jul 2026 00:05:46.398 # Redis is now ready to exit, bye bye...
redis-1         | Starting Redis Server
redis-1         | 1:C 18 Jul 2026 00:05:51.446 * oO0OoO0OoO0Oo Redis is starting oO0OoO0OoO0Oo
redis-1         | 1:C 18 Jul 2026 00:05:51.446 * Redis version=8.8.0, bits=64, commit=00000000, modified=1, pid=1, just started
redis-1         | 1:C 18 Jul 2026 00:05:51.446 * Configuration loaded
redis-1         | 1:M 18 Jul 2026 00:05:51.446 * monotonic clock: ARM CNTVCT @ 24 ticks/us
redis-1         | 1:M 18 Jul 2026 00:05:51.447 * Running mode=standalone, port=6379.
nginx-1         | 127.0.0.1 - - [18/Jul/2026:00:04:07 +0000] "GET /livez HTTP/1.1" 200 18 "-" "Wget"
nginx-1         | 127.0.0.1 - - [18/Jul/2026:00:04:10 +0000] "GET /livez HTTP/1.1" 200 18 "-" "Wget"
nginx-1         | 127.0.0.1 - - [18/Jul/2026:00:04:13 +0000] "GET /livez HTTP/1.1" 200 18 "-" "Wget"
outbox-relay-1  | {"timestamp":"2026-07-18T00:04:06.442498+00:00","level":"INFO","logger":"fleetpulse.relay","message":"outbox events published","correlation_id":"-","event":"outbox_published","status":1}
outbox-relay-1  | {"timestamp":"2026-07-18T00:04:26.651293+00:00","level":"INFO","logger":"fleetpulse.relay","message":"outbox events published","correlation_id":"-","event":"outbox_published","status":1}
outbox-relay-1  | {"timestamp":"2026-07-18T00:04:46.802534+00:00","level":"INFO","logger":"fleetpulse.relay","message":"outbox events published","correlation_id":"-","event":"outbox_published","status":1}
outbox-relay-1  | {"timestamp":"2026-07-18T00:05:06.448330+00:00","level":"INFO","logger":"fleetpulse.relay","message":"outbox events published","correlation_id":"-","event":"outbox_published","status":1}
outbox-relay-1  | {"timestamp":"2026-07-18T00:05:26.625651+00:00","level":"INFO","logger":"fleetpulse.relay","message":"outbox events published","correlation_id":"-","event":"outbox_published","status":1}
outbox-relay-1  | {"timestamp":"2026-07-18T00:05:46.737357+00:00","level":"ERROR","logger":"fleetpulse.relay","message":"outbox publication failed","correlation_id":"-","exception":"Traceback (most recent call last):\n  File \"/usr/local/lib/python3.13/site-packages/redis/asyncio/connection.py\", line 1501, in ensure_connection\n    if await connection.can_read_destructive():\n       ^^^^^^^^^^^^^^^^^^^^^^^^^^^^^^^^^^^^^^^\n  File \"/usr/local/lib/python3.13/site-packages/redis/asyncio/connection.py\", line 707, in can_read_destructive\n    return await self._parser.can_read_destructive()\n           ^^^^^^^^^^^^^^^^^^^^^^^^^^^^^^^^^^^^^^^^^\n  File \"/usr/local/lib/python3.13/site-packages/redis/_parsers/hiredis.py\", line 247, in can_read_destructive\n    return await self.read_from_socket()\n           ^^^^^^^^^^^^^^^^^^^^^^^^^^^^^\n  File \"/usr/local/lib/python3.13/site-packages/redis/_parsers/hiredis.py\", line 254, in read_from_socket\n    raise ConnectionError(SERVER_CLOSED_CONNECTION_ERROR) from None\nredis.exceptions.ConnectionError: Connection closed by server.\n\nDuring handling of the above exception, another exception occurred:\n\nTraceback (most recent call last):\n  File \"/usr/local/lib/python3.13/site-packages/fleetpulse/worker/relay.py\", line 67, in run\n    count = await publish_once(settings, redis)\n            ^^^^^^^^^^^^^^^^^^^^^^^^^^^^^^^^^^^\n  File \"/usr/local/lib/python3.13/site-packages/fleetpulse/worker/relay.py\", line 41, in publish_once\n    await redis.xadd(\n    ...<7 lines>...\n    )\n  File \"/usr/local/lib/python3.13/site-packages/redis/asyncio/client.py\", line 765, in execute_command\n    conn = self.connection or await pool.get_connection()\n                              ^^^^^^^^^^^^^^^^^^^^^^^^^^^\n  File \"/usr/local/lib/python3.13/site-packages/redis/utils.py\", line 230, in async_wrapper\n    return await func(*args, **kwargs)\n           ^^^^^^^^^^^^^^^^^^^^^^^^^^^\n  File \"/usr/local/lib/python3.13/site-packages/redis/asyncio/connection.py\", line 1454, in get_connection\n    await self.ensure_connection(connection)\n  File \"/usr/local/lib/python3.13/site-packages/redis/asyncio/connection.py\", line 1505, in ensure_connection\n    await connection.connect()\n  File \"/usr/local/lib/python3.13/site-packages/redis/asyncio/connection.py\", line 346, in connect\n    await self.retry.call_with_retry(\n    ...<7 lines>...\n    )\n  File \"/usr/local/lib/python3.13/site-packages/redis/asyncio/retry.py\", line 81, in call_with_retry\n    raise error\n  File \"/usr/local/lib/python3.13/site-packages/redis/asyncio/retry.py\", line 69, in call_with_retry\n    return await do()\n           ^^^^^^^^^^\n  File \"/usr/local/lib/python3.13/site-packages/redis/asyncio/connection.py\", line 403, in connect_check_health\n    raise e\nredis.exceptions.ConnectionError: Error -3 connecting to redis:6379. Temporary failure in name resolution.","event":"outbox_failed"}
redis-1         | 1:M 18 Jul 2026 00:05:51.447 * <bf> RedisBloom version 8.8.0 (Git=unknown)
redis-1         | 1:M 18 Jul 2026 00:05:51.447 * <bf> Registering configuration options: [
redis-1         | 1:M 18 Jul 2026 00:05:51.447 * <bf> 	{ bf-error-rate       :      0.01 }
redis-1         | 1:M 18 Jul 2026 00:05:51.447 * <bf> 	{ bf-initial-size     :       100 }
redis-1         | 1:M 18 Jul 2026 00:05:51.447 * <bf> 	{ bf-expansion-factor :         2 }
outbox-relay-1  | {"timestamp":"2026-07-18T00:05:47.263305+00:00","level":"ERROR","logger":"fleetpulse.relay","message":"outbox publication failed","correlation_id":"-","exception":"Traceback (most recent call last):\n  File \"/usr/local/lib/python3.13/site-packages/redis/asyncio/connection.py\", line 377, in connect_check_health\n    await self._connect()\n  File \"/usr/local/lib/python3.13/site-packages/redis/asyncio/connection.py\", line 901, in _connect\n    reader, writer = await asyncio.open_connection(\n                     ^^^^^^^^^^^^^^^^^^^^^^^^^^^^^^\n        **self._connection_arguments()\n        ^^^^^^^^^^^^^^^^^^^^^^^^^^^^^^\n    )\n    ^\n  File \"/usr/local/lib/python3.13/asyncio/streams.py\", line 48, in open_connection\n    transport, _ = await loop.create_connection(\n                   ^^^^^^^^^^^^^^^^^^^^^^^^^^^^^\n        lambda: protocol, host, port, **kwds)\n        ^^^^^^^^^^^^^^^^^^^^^^^^^^^^^^^^^^^^^\n  File \"/usr/local/lib/python3.13/asyncio/base_events.py\", line 1122, in create_connection\n    infos = await self._ensure_resolved(\n            ^^^^^^^^^^^^^^^^^^^^^^^^^^^^\n        (host, port), family=family,\n        ^^^^^^^^^^^^^^^^^^^^^^^^^^^^\n        type=socket.SOCK_STREAM, proto=proto, flags=flags, loop=self)\n        ^^^^^^^^^^^^^^^^^^^^^^^^^^^^^^^^^^^^^^^^^^^^^^^^^^^^^^^^^^^^^\n  File \"/usr/local/lib/python3.13/asyncio/base_events.py\", line 1518, in _ensure_resolved\n    return await loop.getaddrinfo(host, port, family=family, type=type,\n           ^^^^^^^^^^^^^^^^^^^^^^^^^^^^^^^^^^^^^^^^^^^^^^^^^^^^^^^^^^^^\n                                  proto=proto, flags=flags)\n                                  ^^^^^^^^^^^^^^^^^^^^^^^^^\n  File \"/usr/local/lib/python3.13/asyncio/base_events.py\", line 939, in getaddrinfo\n    return await self.run_in_executor(\n           ^^^^^^^^^^^^^^^^^^^^^^^^^^^\n        None, getaddr_func, host, port, family, type, proto, flags)\n        ^^^^^^^^^^^^^^^^^^^^^^^^^^^^^^^^^^^^^^^^^^^^^^^^^^^^^^^^^^^\n  File \"/usr/local/lib/python3.13/concurrent/futures/thread.py\", line 59, in run\n    result = self.fn(*self.args, **self.kwargs)\n  File \"/usr/local/lib/python3.13/socket.py\", line 981, in getaddrinfo\n    for res in _socket.getaddrinfo(host, port, family, type, proto, flags):\n               ~~~~~~~~~~~~~~~~~~~^^^^^^^^^^^^^^^^^^^^^^^^^^^^^^^^^^^^^^^^\nsocket.gaierror: [Errno -3] Temporary failure in name resolution\n\nDuring handling of the above exception, another exception occurred:\n\nTraceback (most recent call last):\n  File \"/usr/local/lib/python3.13/site-packages/fleetpulse/worker/relay.py\", line 67, in run\n    count = await publish_once(settings, redis)\n            ^^^^^^^^^^^^^^^^^^^^^^^^^^^^^^^^^^^\n  File \"/usr/local/lib/python3.13/site-packages/fleetpulse/worker/relay.py\", line 41, in publish_once\n    await redis.xadd(\n    ...<7 lines>...\n    )\n  File \"/usr/local/lib/python3.13/site-packages/redis/asyncio/client.py\", line 765, in execute_command\n    conn = self.connection or await pool.get_connection()\n                              ^^^^^^^^^^^^^^^^^^^^^^^^^^^\n  File \"/usr/local/lib/python3.13/site-packages/redis/utils.py\", line 230, in async_wrapper\n    return await func(*args, **kwargs)\n           ^^^^^^^^^^^^^^^^^^^^^^^^^^^\n  File \"/usr/local/lib/python3.13/site-packages/redis/asyncio/connection.py\", line 1454, in get_connection\n    await self.ensure_connection(connection)\n  File \"/usr/local/lib/python3.13/site-packages/redis/asyncio/connection.py\", line 1495, in ensure_connection\n    await connection.connect()\n  File \"/usr/local/lib/python3.13/site-packages/redis/asyncio/connection.py\", line 346, in connect\n    await self.retry.call_with_retry(\n    ...<7 lines>...\n    )\n  File \"/usr/local/lib/python3.13/site-packages/redis/asyncio/retry.py\", line 81, in call_with_retry\n    raise error\n  File \"/usr/local/lib/python3.13/site-packages/redis/asyncio/retry.py\", line 69, in call_with_retry\n    return await do()\n           ^^^^^^^^^^\n  File \"/usr/local/lib/python3.13/site-packages/redis/asyncio/connection.py\", line 403, in connect_check_health\n    raise e\nredis.exceptions.ConnectionError: Error -3 connecting to redis:6379. Temporary failure in name resolution.","event":"outbox_failed"}
redis-1         | 1:M 18 Jul 2026 00:05:51.447 * <bf> 	{ cf-bucket-size      :         2 }
nginx-1         | 127.0.0.1 - - [18/Jul/2026:00:04:16 +0000] "GET /livez HTTP/1.1" 200 18 "-" "Wget"
nginx-1         | 127.0.0.1 - - [18/Jul/2026:00:04:19 +0000] "GET /livez HTTP/1.1" 200 18 "-" "Wget"
nginx-1         | 127.0.0.1 - - [18/Jul/2026:00:04:22 +0000] "GET /livez HTTP/1.1" 200 18 "-" "Wget"
nginx-1         | 127.0.0.1 - - [18/Jul/2026:00:04:25 +0000] "GET /livez HTTP/1.1" 200 18 "-" "Wget"
nginx-1         | 172.19.0.1 - - [18/Jul/2026:00:04:26 +0000] "POST /v1/telemetry/batches HTTP/1.1" 202 111 "-" "python-httpx/0.28.1"
nginx-1         | 172.19.0.1 - - [18/Jul/2026:00:04:26 +0000] "GET /v1/incidents HTTP/1.1" 200 325 "-" "python-httpx/0.28.1"
nginx-1         | 172.19.0.1 - - [18/Jul/2026:00:04:26 +0000] "GET /v1/incidents HTTP/1.1" 200 325 "-" "python-httpx/0.28.1"
redis-1         | 1:M 18 Jul 2026 00:05:51.447 * <bf> 	{ cf-initial-size     :      1024 }
redis-1         | 1:M 18 Jul 2026 00:05:51.447 * <bf> 	{ cf-max-iterations   :        20 }
redis-1         | 1:M 18 Jul 2026 00:05:51.447 * <bf> 	{ cf-expansion-factor :         1 }
redis-1         | 1:M 18 Jul 2026 00:05:51.447 * <bf> 	{ cf-max-expansions   :        32 }
redis-1         | 1:M 18 Jul 2026 00:05:51.447 * <bf> ]
redis-1         | 1:M 18 Jul 2026 00:05:51.447 * Module 'bf' loaded from /usr/local/lib/redis/modules//redisbloom.so
redis-1         | 1:M 18 Jul 2026 00:05:51.451 * <search> search-workers default: 15 (min of MAX_WORKER_THREADS=16 and CPU cores)
redis-1         | 1:M 18 Jul 2026 00:05:51.451 * <search> Redis version found by RedisSearch : 8.8.0 - oss
redis-1         | 1:M 18 Jul 2026 00:05:51.451 * <search> RediSearch version 8.8.0 (Git=d2ae026)
redis-1         | 1:M 18 Jul 2026 00:05:51.451 * <search> Low level api version 1 initialized successfully
redis-1         | 1:M 18 Jul 2026 00:05:51.451 * <search> gc: ON, prefix min length: 2, min word length to stem: 4, prefix max expansions: 200, query timeout (ms): 500, timeout policy: return, oom policy: return, cursor read size: 1000, cursor max idle (ms): 300000, max doctable size: 1000000, max number of search results:  1000000, default scorer: BM25STD, 
redis-1         | 1:M 18 Jul 2026 00:05:51.451 * <search> Initialized thread pools!
redis-1         | 1:M 18 Jul 2026 00:05:51.451 * <search> Enabled workers threadpool of size 15
redis-1         | 1:M 18 Jul 2026 00:05:51.452 * <search> Subscribe to config changes
api-1           | INFO  [alembic.runtime.migration] Context impl PostgresqlImpl.
api-1           | INFO  [alembic.runtime.migration] Will assume transactional DDL.
api-1           | INFO  [alembic.runtime.migration] Running upgrade  -> 20260717_0001, Create durable Phase 1 ingestion tables.
nginx-1         | 172.19.0.1 - - [18/Jul/2026:00:04:26 +0000] "GET /v1/incidents HTTP/1.1" 200 325 "-" "python-httpx/0.28.1"
api-1           | INFO  [alembic.runtime.migration] Running upgrade 20260717_0001 -> 20260717_0002, Add worker, fleet, incident, deployment, and dead-letter state.
api-1           | INFO:     Started server process [1]
nginx-1         | 172.19.0.1 - - [18/Jul/2026:00:04:26 +0000] "GET /v1/incidents HTTP/1.1" 200 325 "-" "python-httpx/0.28.1"
api-1           | INFO:     Waiting for application startup.
api-1           | INFO:     Application startup complete.
nginx-1         | 172.19.0.1 - - [18/Jul/2026:00:04:26 +0000] "GET /v1/incidents HTTP/1.1" 200 325 "-" "python-httpx/0.28.1"
api-1           | INFO:     Uvicorn running on http://0.0.0.0:8000 (Press CTRL+C to quit)
nginx-1         | 172.19.0.1 - - [18/Jul/2026:00:04:26 +0000] "GET /v1/incidents HTTP/1.1" 200 649 "-" "python-httpx/0.28.1"
redis-1         | 1:M 18 Jul 2026 00:05:51.452 * <search> Subscribe to cluster slot migration events
nginx-1         | 127.0.0.1 - - [18/Jul/2026:00:04:28 +0000] "GET /livez HTTP/1.1" 200 18 "-" "Wget"
redis-1         | 1:M 18 Jul 2026 00:05:51.452 * <search> Enabled role change notification
api-1           | {"timestamp":"2026-07-18T00:03:00.393346+00:00","level":"INFO","logger":"fleetpulse.api.access","message":"request completed","correlation_id":"22217c1c-0ed3-40b8-8bcb-e147da9eb2a4","event":"request_completed","status":200,"duration_ms":14.129}
redis-1         | 1:M 18 Jul 2026 00:05:51.452 * <search> Cluster configuration: AUTO partitions, type: 0, coordinator timeout: 0ms
api-1           | {"timestamp":"2026-07-18T00:03:03.560316+00:00","level":"INFO","logger":"fleetpulse.api.access","message":"request completed","correlation_id":"087b2bb8-9d8d-44c1-bb53-3ad416c2b495","event":"request_completed","status":200,"duration_ms":1.009}
api-1           | {"timestamp":"2026-07-18T00:03:03.913519+00:00","level":"INFO","logger":"fleetpulse.api.access","message":"request completed","correlation_id":"294cf8b751137d6c452b92edc9fa18e3","event":"request_completed","status":200,"duration_ms":0.304}
api-1           | {"timestamp":"2026-07-18T00:03:04.384746+00:00","level":"INFO","logger":"fleetpulse.api.access","message":"request completed","correlation_id":"44c87a935164ee73d91b36bfe9b02502","event":"request_completed","status":200,"duration_ms":1.823}
api-1           | {"timestamp":"2026-07-18T00:03:06.719334+00:00","level":"INFO","logger":"fleetpulse.api.access","message":"request completed","correlation_id":"c0847f05-986a-4b35-badd-96201e7f9985","event":"request_completed","status":200,"duration_ms":0.834}
redis-1         | 1:M 18 Jul 2026 00:05:51.452 * Module 'search' loaded from /usr/local/lib/redis/modules//redisearch.so
redis-1         | 1:M 18 Jul 2026 00:05:51.452 * <timeseries> RedisTimeSeries version 80800, git_sha=42ca4f1078fca732b7f9256adbf25914d67e1cc9
redis-1         | 1:M 18 Jul 2026 00:05:51.452 * <timeseries> Redis version found by RedisTimeSeries : 8.8.0 - oss
redis-1         | 1:M 18 Jul 2026 00:05:51.452 * <timeseries> Registering configuration options: [
redis-1         | 1:M 18 Jul 2026 00:05:51.452 * <timeseries> 	{ ts-compaction-policy   :              }
redis-1         | 1:M 18 Jul 2026 00:05:51.452 * <timeseries> 	{ ts-num-threads         :            3 }
redis-1         | 1:M 18 Jul 2026 00:05:51.452 * <timeseries> 	{ ts-libmr-protocol      :     INTERNAL }
redis-1         | 1:M 18 Jul 2026 00:05:51.452 * <timeseries> 	{ ts-retention-policy    :            0 }
api-1           | {"timestamp":"2026-07-18T00:03:06.956168+00:00","level":"INFO","logger":"fleetpulse.api.access","message":"request completed","correlation_id":"e8a5b09d785ff359cd3479f8591194d5","event":"request_completed","status":200,"duration_ms":0.212}
api-1           | {"timestamp":"2026-07-18T00:03:09.874485+00:00","level":"INFO","logger":"fleetpulse.api.access","message":"request completed","correlation_id":"4a9e79b3-4387-4149-b7e3-ed44775bb6cd","event":"request_completed","status":200,"duration_ms":0.917}
api-1           | {"timestamp":"2026-07-18T00:03:10.006668+00:00","level":"INFO","logger":"fleetpulse.api.access","message":"request completed","correlation_id":"bfdd97fcbd04d9c4f65af42cdb2a7a70","event":"request_completed","status":200,"duration_ms":0.22}
api-1           | {"timestamp":"2026-07-18T00:03:13.032507+00:00","level":"INFO","logger":"fleetpulse.api.access","message":"request completed","correlation_id":"6b868137-bccd-406d-b6ca-4dd398db53c8","event":"request_completed","status":200,"duration_ms":0.756}
api-1           | {"timestamp":"2026-07-18T00:03:13.047099+00:00","level":"INFO","logger":"fleetpulse.api.access","message":"request completed","correlation_id":"c194635f791af7bb031b988a60200edc","event":"request_completed","status":200,"duration_ms":0.179}
api-1           | {"timestamp":"2026-07-18T00:03:16.087550+00:00","level":"INFO","logger":"fleetpulse.api.access","message":"request completed","correlation_id":"b7ec9aed72aba33675e0dae4497af58a","event":"request_completed","status":200,"duration_ms":0.195}
api-1           | {"timestamp":"2026-07-18T00:03:16.183259+00:00","level":"INFO","logger":"fleetpulse.api.access","message":"request completed","correlation_id":"764ed18e-e370-4fd0-a0d7-8e44c792f47a","event":"request_completed","status":200,"duration_ms":0.79}
api-1           | {"timestamp":"2026-07-18T00:03:19.147735+00:00","level":"INFO","logger":"fleetpulse.api.access","message":"request completed","correlation_id":"84818257c6fc22c45ff114b3ee99d422","event":"request_completed","status":200,"duration_ms":0.194}
api-1           | {"timestamp":"2026-07-18T00:03:19.311160+00:00","level":"INFO","logger":"fleetpulse.api.access","message":"request completed","correlation_id":"279c33c2-f67f-43ec-93e7-ed12caca6e02","event":"request_completed","status":200,"duration_ms":0.765}
redis-1         | 1:M 18 Jul 2026 00:05:51.452 * <timeseries> 	{ ts-duplicate-policy    :        block }
redis-1         | 1:M 18 Jul 2026 00:05:51.452 * <timeseries> 	{ ts-chunk-size-bytes    :         4096 }
redis-1         | 1:M 18 Jul 2026 00:05:51.452 * <timeseries> 	{ ts-encoding            :   compressed }
redis-1         | 1:M 18 Jul 2026 00:05:51.452 * <timeseries> 	{ ts-ignore-max-time-diff:            0 }
redis-1         | 1:M 18 Jul 2026 00:05:51.452 * <timeseries> 	{ ts-ignore-max-val-diff :     0.000000 }
redis-1         | 1:M 18 Jul 2026 00:05:51.452 * <timeseries> ]
redis-1         | 1:M 18 Jul 2026 00:05:51.453 * <timeseries> Detected redis oss
redis-1         | 1:M 18 Jul 2026 00:05:51.453 * <timeseries> Subscribe to ASM events
redis-1         | 1:M 18 Jul 2026 00:05:51.453 * <timeseries> Enabled diskless replication
redis-1         | 1:M 18 Jul 2026 00:05:51.453 * Module 'timeseries' loaded from /usr/local/lib/redis/modules//redistimeseries.so
redis-1         | 1:M 18 Jul 2026 00:05:51.454 * <ReJSON> Created new data type 'ReJSON-RL'
api-1           | {"timestamp":"2026-07-18T00:03:22.219712+00:00","level":"INFO","logger":"fleetpulse.api.access","message":"request completed","correlation_id":"53119c66d644d47a1726f9346578c802","event":"request_completed","status":200,"duration_ms":0.208}
api-1           | {"timestamp":"2026-07-18T00:03:22.464761+00:00","level":"INFO","logger":"fleetpulse.api.access","message":"request completed","correlation_id":"b92b1174-2466-4ae7-a382-cfefb7871461","event":"request_completed","status":200,"duration_ms":0.922}
redis-1         | 1:M 18 Jul 2026 00:05:51.455 * <ReJSON> version: 80800 git sha: unknown branch: unknown
redis-1         | 1:M 18 Jul 2026 00:05:51.455 * <ReJSON> Exported RedisJSON_V1 API
redis-1         | 1:M 18 Jul 2026 00:05:51.455 * <ReJSON> Exported RedisJSON_V2 API
redis-1         | 1:M 18 Jul 2026 00:05:51.455 * <ReJSON> Exported RedisJSON_V3 API
redis-1         | 1:M 18 Jul 2026 00:05:51.455 * <ReJSON> Exported RedisJSON_V4 API
redis-1         | 1:M 18 Jul 2026 00:05:51.455 * <ReJSON> Exported RedisJSON_V5 API
redis-1         | 1:M 18 Jul 2026 00:05:51.455 * <ReJSON> Exported RedisJSON_V6 API
redis-1         | 1:M 18 Jul 2026 00:05:51.455 * <ReJSON> Exported RedisJSON_V7 API
redis-1         | 1:M 18 Jul 2026 00:05:51.455 * <ReJSON> Enabled diskless replication
redis-1         | 1:M 18 Jul 2026 00:05:51.455 * <ReJSON> Initialized shared string cache, thread safe: true.
redis-1         | 1:M 18 Jul 2026 00:05:51.455 * Module 'ReJSON' loaded from /usr/local/lib/redis/modules//rejson.so
redis-1         | 1:M 18 Jul 2026 00:05:51.455 * <search> Acquired RedisJSON_V7 API
redis-1         | 1:M 18 Jul 2026 00:05:51.455 * Server initialized
redis-1         | 1:M 18 Jul 2026 00:05:51.455 * <search> Loading event started
nginx-1         | 127.0.0.1 - - [18/Jul/2026:00:04:31 +0000] "GET /livez HTTP/1.1" 200 18 "-" "Wget"
nginx-1         | 127.0.0.1 - - [18/Jul/2026:00:04:34 +0000] "GET /livez HTTP/1.1" 200 18 "-" "Wget"
nginx-1         | 127.0.0.1 - - [18/Jul/2026:00:04:37 +0000] "GET /livez HTTP/1.1" 200 18 "-" "Wget"
nginx-1         | 127.0.0.1 - - [18/Jul/2026:00:04:40 +0000] "GET /livez HTTP/1.1" 200 18 "-" "Wget"
nginx-1         | 127.0.0.1 - - [18/Jul/2026:00:04:43 +0000] "GET /livez HTTP/1.1" 200 18 "-" "Wget"
nginx-1         | 172.19.0.1 - - [18/Jul/2026:00:04:46 +0000] "POST /v1/telemetry/batches HTTP/1.1" 202 111 "-" "python-httpx/0.28.1"
nginx-1         | 172.19.0.1 - - [18/Jul/2026:00:04:46 +0000] "GET /v1/incidents HTTP/1.1" 200 649 "-" "python-httpx/0.28.1"
nginx-1         | 172.19.0.1 - - [18/Jul/2026:00:04:46 +0000] "GET /v1/incidents HTTP/1.1" 200 649 "-" "python-httpx/0.28.1"
nginx-1         | 172.19.0.1 - - [18/Jul/2026:00:04:46 +0000] "GET /v1/incidents HTTP/1.1" 200 649 "-" "python-httpx/0.28.1"
nginx-1         | 127.0.0.1 - - [18/Jul/2026:00:04:46 +0000] "GET /livez HTTP/1.1" 200 18 "-" "Wget"
redis-1         | 1:M 18 Jul 2026 00:05:51.455 * Reading RDB base file on AOF loading...
redis-1         | 1:M 18 Jul 2026 00:05:51.455 * Loading RDB produced by version 8.8.0
redis-1         | 1:M 18 Jul 2026 00:05:51.455 * RDB age 182 seconds
redis-1         | 1:M 18 Jul 2026 00:05:51.455 * RDB memory usage when created 1.31 Mb
redis-1         | 1:M 18 Jul 2026 00:05:51.455 * RDB is base AOF
redis-1         | 1:M 18 Jul 2026 00:05:51.455 * Done loading RDB, keys loaded: 0, keys expired: 0.
redis-1         | 1:M 18 Jul 2026 00:05:51.455 * <search> Draining workers thread pool with threshold 100
redis-1         | 1:M 18 Jul 2026 00:05:51.455 * DB loaded from base file appendonly.aof.1.base.rdb: 0.000 seconds
redis-1         | 1:M 18 Jul 2026 00:05:51.455 * DB loaded from incr file appendonly.aof.1.incr.aof: 0.000 seconds
redis-1         | 1:M 18 Jul 2026 00:05:51.455 * <search> Loading event ended successfully
redis-1         | 1:M 18 Jul 2026 00:05:51.455 * DB loaded from append only file: 0.001 seconds
redis-1         | 1:M 18 Jul 2026 00:05:51.456 * Opening AOF incr file appendonly.aof.1.incr.aof on server start
redis-1         | 1:M 18 Jul 2026 00:05:51.456 * Ready to accept connections tcp
redis-1         | 1:M 18 Jul 2026 00:05:51.456 # WARNING: Redis does not require authentication and is not protected by network restrictions. Redis will accept connections from any IP address on any network interface.
api-1           | {"timestamp":"2026-07-18T00:03:25.272117+00:00","level":"INFO","logger":"fleetpulse.api.access","message":"request completed","correlation_id":"ef598352ed511764bfcfb05d284ae3cb","event":"request_completed","status":200,"duration_ms":0.213}
nginx-1         | 172.19.0.1 - - [18/Jul/2026:00:04:46 +0000] "GET /v1/incidents HTTP/1.1" 200 649 "-" "python-httpx/0.28.1"
nginx-1         | 172.19.0.1 - - [18/Jul/2026:00:04:46 +0000] "GET /v1/incidents HTTP/1.1" 200 973 "-" "python-httpx/0.28.1"
nginx-1         | 127.0.0.1 - - [18/Jul/2026:00:04:49 +0000] "GET /livez HTTP/1.1" 200 18 "-" "Wget"
nginx-1         | 127.0.0.1 - - [18/Jul/2026:00:04:52 +0000] "GET /livez HTTP/1.1" 200 18 "-" "Wget"
nginx-1         | 127.0.0.1 - - [18/Jul/2026:00:04:55 +0000] "GET /livez HTTP/1.1" 200 18 "-" "Wget"
nginx-1         | 127.0.0.1 - - [18/Jul/2026:00:04:58 +0000] "GET /livez HTTP/1.1" 200 18 "-" "Wget"
nginx-1         | 127.0.0.1 - - [18/Jul/2026:00:05:01 +0000] "GET /livez HTTP/1.1" 200 18 "-" "Wget"
nginx-1         | 127.0.0.1 - - [18/Jul/2026:00:05:05 +0000] "GET /livez HTTP/1.1" 200 18 "-" "Wget"
nginx-1         | 172.19.0.1 - - [18/Jul/2026:00:05:06 +0000] "POST /v1/telemetry/batches HTTP/1.1" 202 111 "-" "python-httpx/0.28.1"
nginx-1         | 172.19.0.1 - - [18/Jul/2026:00:05:06 +0000] "GET /v1/incidents HTTP/1.1" 200 973 "-" "python-httpx/0.28.1"
nginx-1         | 172.19.0.1 - - [18/Jul/2026:00:05:06 +0000] "GET /v1/incidents HTTP/1.1" 200 973 "-" "python-httpx/0.28.1"
nginx-1         | 172.19.0.1 - - [18/Jul/2026:00:05:06 +0000] "GET /v1/incidents HTTP/1.1" 200 1297 "-" "python-httpx/0.28.1"
nginx-1         | 127.0.0.1 - - [18/Jul/2026:00:05:08 +0000] "GET /livez HTTP/1.1" 200 18 "-" "Wget"
nginx-1         | 127.0.0.1 - - [18/Jul/2026:00:05:11 +0000] "GET /livez HTTP/1.1" 200 18 "-" "Wget"
nginx-1         | 127.0.0.1 - - [18/Jul/2026:00:05:14 +0000] "GET /livez HTTP/1.1" 200 18 "-" "Wget"
api-1           | {"timestamp":"2026-07-18T00:03:25.622707+00:00","level":"INFO","logger":"fleetpulse.api.access","message":"request completed","correlation_id":"2d636857-0f4e-4c07-a38e-5d5a4e9cc911","event":"request_completed","status":200,"duration_ms":0.91}
api-1           | {"timestamp":"2026-07-18T00:03:26.300265+00:00","level":"INFO","logger":"fleetpulse.api.access","message":"request completed","correlation_id":"337aa116-6b30-4e3c-81c5-e46bc48c8668","event":"request_completed","status":307,"duration_ms":0.505}
api-1           | {"timestamp":"2026-07-18T00:03:26.302721+00:00","level":"INFO","logger":"fleetpulse.api.access","message":"request completed","correlation_id":"f31ebb48-ee1b-45bd-a64a-f48d67688565","event":"request_completed","status":200,"duration_ms":1.854}
nginx-1         | 127.0.0.1 - - [18/Jul/2026:00:05:17 +0000] "GET /livez HTTP/1.1" 200 18 "-" "Wget"
api-1           | {"timestamp":"2026-07-18T00:03:28.335108+00:00","level":"INFO","logger":"fleetpulse.api.access","message":"request completed","correlation_id":"87364356aed66b24a79c66a63b08d982","event":"request_completed","status":200,"duration_ms":0.238}
nginx-1         | 127.0.0.1 - - [18/Jul/2026:00:05:20 +0000] "GET /livez HTTP/1.1" 200 18 "-" "Wget"
nginx-1         | 127.0.0.1 - - [18/Jul/2026:00:05:23 +0000] "GET /livez HTTP/1.1" 200 18 "-" "Wget"
nginx-1         | 172.19.0.1 - - [18/Jul/2026:00:05:26 +0000] "POST /v1/telemetry/batches HTTP/1.1" 202 111 "-" "python-httpx/0.28.1"
nginx-1         | 172.19.0.1 - - [18/Jul/2026:00:05:26 +0000] "GET /v1/incidents HTTP/1.1" 200 1297 "-" "python-httpx/0.28.1"
nginx-1         | 127.0.0.1 - - [18/Jul/2026:00:05:26 +0000] "GET /livez HTTP/1.1" 200 18 "-" "Wget"
nginx-1         | 172.19.0.1 - - [18/Jul/2026:00:05:26 +0000] "GET /v1/incidents HTTP/1.1" 200 1297 "-" "python-httpx/0.28.1"
nginx-1         | 172.19.0.1 - - [18/Jul/2026:00:05:26 +0000] "GET /v1/incidents HTTP/1.1" 200 1297 "-" "python-httpx/0.28.1"
nginx-1         | 172.19.0.1 - - [18/Jul/2026:00:05:26 +0000] "GET /v1/incidents HTTP/1.1" 200 1621 "-" "python-httpx/0.28.1"
nginx-1         | 127.0.0.1 - - [18/Jul/2026:00:05:29 +0000] "GET /livez HTTP/1.1" 200 18 "-" "Wget"
